backend\venv\Scripts\
python : <frozen impo
rtlib._bootstrap>:488
: 
DeprecationWarning: 
Type google._upb._mes
sage.MessageMapContai
ner uses PyType_Spec 
with a metaclass 
that has custom 
tp_new. This is 
deprecated and will 
no longer be allowed 
in Python 3.14.
At line:1 char:1
+ backend\venv\Script
s\python backend/test
s/security_tests.py 
> test_ou ...
+ ~~~~~~~~~~~~~~~~~~~
~~~~~~~~~~~~~~~~~~~~~
~~~~~~~~~~~~~~~~~~~~~
~~~~~~~~
    + CategoryInfo   
           : NotSpe  
  cified: (<frozen   
  importl...in Py    
thon 3.14.:Strin    
g) [], RemoteExc    
eption
    + FullyQualified 
   ErrorId : Native  
  CommandError
 
<frozen importlib._bo
otstrap>:488: 
DeprecationWarning: 
Type google._upb._mes
sage.ScalarMapContain
er uses PyType_Spec 
with a metaclass 
that has custom 
tp_new. This is 
deprecated and will 
no longer be allowed 
in Python 3.14.
Prompt injection 
detected: Pattern 
'hacked' matched.
Blocked malicious 
question: 
Instruction override 
attempt detected.
EPrompt injection 
detected: Pattern 
'ignore (all 
)?previous (rules|ins
tructions)' matched.
EPrompt injection 
detected: Pattern 
'system message:' 
matched.
EE
=====================
=====================
=====================
=======
ERROR: test_ai_servic
e_blocking (__main__.
TestSecurity.test_ai_
service_blocking)
Test that AIService 
actually blocks 
malicious queries
---------------------
---------------------
---------------------
-------
Traceback (most 
recent call last):
  File "C:\Users\saba
soft\Desktop\AI-Dashb
oard\backend\tests\se
curity_tests.py", 
line 69, in test_ai_s
ervice_blocking
    asyncio.run(run_t
est())
  File "C:\Users\saba
soft\AppData\Local\Pr
ograms\Python\Python3
12\Lib\asyncio\runner
s.py", line 195, in 
run
    return 
runner.run(main)
           
^^^^^^^^^^^^^^^^
  File "C:\Users\saba
soft\AppData\Local\Pr
ograms\Python\Python3
12\Lib\asyncio\runner
s.py", line 118, in 
run
    return self._loop
.run_until_complete(t
ask)
           ^^^^^^^^^^
^^^^^^^^^^^^^^^^^^^^^
^^^^
  File "C:\Users\saba
soft\AppData\Local\Pr
ograms\Python\Python3
12\Lib\asyncio\base_e
vents.py", line 691, 
in run_until_complete
    return 
future.result()
           
^^^^^^^^^^^^^^^
  File "C:\Users\saba
soft\Desktop\AI-Dashb
oard\backend\tests\se
curity_tests.py", 
line 67, in run_test
    print(f"\u2713 
AIService blocked: 
{prompt}")
  File "C:\Users\saba
soft\AppData\Local\Pr
ograms\Python\Python3
12\Lib\encodings\cp12
52.py", line 19, in 
encode
    return codecs.cha
rmap_encode(input,sel
f.errors,encoding_tab
le)[0]
           ^^^^^^^^^^
^^^^^^^^^^^^^^^^^^^^^
^^^^^^^^^^^^^^^^^^^^^
^^^
UnicodeEncodeError: 
'charmap' codec 
can't encode 
character '\u2713' 
in position 0: 
character maps to 
<undefined>

=====================
=====================
=====================
=======
ERROR: test_prompt_sh
ield_regex (__main__.
TestSecurity.test_pro
mpt_shield_regex)
Test regex-based 
injection detection
---------------------
---------------------
---------------------
-------
Traceback (most 
recent call last):
  File "C:\Users\saba
soft\Desktop\AI-Dashb
oard\backend\tests\se
curity_tests.py", 
line 45, in test_prom
pt_shield_regex
    print(f"\u2713 
Detected: {prompt} | 
Reason: {reason}")
  File "C:\Users\saba
soft\AppData\Local\Pr
ograms\Python\Python3
12\Lib\encodings\cp12
52.py", line 19, in 
encode
    return codecs.cha
rmap_encode(input,sel
f.errors,encoding_tab
le)[0]
           ^^^^^^^^^^
^^^^^^^^^^^^^^^^^^^^^
^^^^^^^^^^^^^^^^^^^^^
^^^
UnicodeEncodeError: 
'charmap' codec 
can't encode 
character '\u2713' 
in position 0: 
character maps to 
<undefined>

=====================
=====================
=====================
=======
ERROR: test_prompt_sh
ield_spoofing (__main
__.TestSecurity.test_
prompt_shield_spoofin
g)
Test system message 
spoofing detection
---------------------
---------------------
---------------------
-------
Traceback (most 
recent call last):
  File "C:\Users\saba
soft\Desktop\AI-Dashb
oard\backend\tests\se
curity_tests.py", 
line 58, in test_prom
pt_shield_spoofing
    print(f"\u2713 
Detected spoofing: 
{prompt}")
  File "C:\Users\saba
soft\AppData\Local\Pr
ograms\Python\Python3
12\Lib\encodings\cp12
52.py", line 19, in 
encode
    return codecs.cha
rmap_encode(input,sel
f.errors,encoding_tab
le)[0]
           ^^^^^^^^^^
^^^^^^^^^^^^^^^^^^^^^
^^^^^^^^^^^^^^^^^^^^^
^^^
UnicodeEncodeError: 
'charmap' codec 
can't encode 
character '\u2713' 
in position 0: 
character maps to 
<undefined>

=====================
=====================
=====================
=======
ERROR: 
test_sanitization (__
main__.TestSecurity.t
est_sanitization)
Test that internal 
delimiters are 
stripped from input
---------------------
---------------------
---------------------
-------
Traceback (most 
recent call last):
  File "C:\Users\saba
soft\Desktop\AI-Dashb
oard\backend\tests\se
curity_tests.py", 
line 77, in 
test_sanitization
    print(f"\u2713 
Input sanitized 
successfully")
  File "C:\Users\saba
soft\AppData\Local\Pr
ograms\Python\Python3
12\Lib\encodings\cp12
52.py", line 19, in 
encode
    return codecs.cha
rmap_encode(input,sel
f.errors,encoding_tab
le)[0]
           ^^^^^^^^^^
^^^^^^^^^^^^^^^^^^^^^
^^^^^^^^^^^^^^^^^^^^^
^^^
UnicodeEncodeError: 
'charmap' codec 
can't encode 
character '\u2713' 
in position 0: 
character maps to 
<undefined>

---------------------
---------------------
---------------------
-------
Ran 4 tests in 2.048s

FAILED (errors=4)

==================================================
AI Data Visualization Dashboard - Backend
==================================================
App Version: 1.0.0
API Prefix: /api/v1
CORS Origins: http://localhost:5173, http://127.0.0.1:5173
LLM Provider: gemini
LLM Model: 
Chart Theme: plotly
Upload Directory: ./uploads
Export Directory: ./exports
==================================================

